.\external\script\start.lua:1403: external/script/main.lua:433: registry overflow
stack traceback:
	external/script/main.lua:433: in function 'run'
	.\external\script\global.lua:182: in function 'loop'
	<string>:1: in function <<string>:0>
	[G]: in function 'game'
	.\external\script\start.lua:1403: in function 'f_game'
	.\external\script\start.lua:1836: in function 'launchFight'
	external/script/default.lua:2: in function <external/script/default.lua:0>
	.\external\script\start.lua:1457: in function 'f'
	external/script/main.lua:3097: in function 'loop'
	external/script/main.lua:4148: in main chunk
	[G]: ?
stack traceback:
	[G]: in function 'game'
	.\external\script\start.lua:1403: in function 'f_game'
	.\external\script\start.lua:1836: in function 'launchFight'
	external/script/default.lua:2: in function <external/script/default.lua:0>
	.\external\script\start.lua:1457: in function 'f'
	external/script/main.lua:3097: in function 'loop'
	external/script/main.lua:4148: in main chunk
	[G]: ?
